Archive member included to satisfy reference by file (symbol)

c:/program files (x86)/embitz/1.11/share/em_armgcc/bin/../lib/gcc/arm-none-eabi/5.4.1/../../../../arm-none-eabi/lib/armv7-m\libg_n.a(lib_a-atof.o)
                              obj\release\~#\~#\library\string\wstring.o (symbol from plugin) (atof)
c:/program files (x86)/embitz/1.11/share/em_armgcc/bin/../lib/gcc/arm-none-eabi/5.4.1/../../../../arm-none-eabi/lib/armv7-m\libg_n.a(lib_a-atol.o)
                              obj\release\~#\~#\library\string\wstring.o (symbol from plugin) (atol)
c:/program files (x86)/embitz/1.11/share/em_armgcc/bin/../lib/gcc/arm-none-eabi/5.4.1/../../../../arm-none-eabi/lib/armv7-m\libg_n.a(lib_a-exit.o)
                              c:/program files (x86)/embitz/1.11/share/em_armgcc/bin/../lib/gcc/arm-none-eabi/5.4.1/../../../../arm-none-eabi/lib/armv7-m/crt0.o (exit)
c:/program files (x86)/embitz/1.11/share/em_armgcc/bin/../lib/gcc/arm-none-eabi/5.4.1/../../../../arm-none-eabi/lib/armv7-m\libg_n.a(lib_a-fflush.o)
                              obj\release\src\corecfg.o (symbol from plugin) (fflush)
c:/program files (x86)/embitz/1.11/share/em_armgcc/bin/../lib/gcc/arm-none-eabi/5.4.1/../../../../arm-none-eabi/lib/armv7-m\libg_n.a(lib_a-findfp.o)
                              c:/program files (x86)/embitz/1.11/share/em_armgcc/bin/../lib/gcc/arm-none-eabi/5.4.1/../../../../arm-none-eabi/lib/armv7-m\libg_n.a(lib_a-fflush.o) (__sinit)
c:/program files (x86)/embitz/1.11/share/em_armgcc/bin/../lib/gcc/arm-none-eabi/5.4.1/../../../../arm-none-eabi/lib/armv7-m\libg_n.a(lib_a-fwalk.o)
                              c:/program files (x86)/embitz/1.11/share/em_armgcc/bin/../lib/gcc/arm-none-eabi/5.4.1/../../../../arm-none-eabi/lib/armv7-m\libg_n.a(lib_a-findfp.o) (_fwalk)
c:/program files (x86)/embitz/1.11/share/em_armgcc/bin/../lib/gcc/arm-none-eabi/5.4.1/../../../../arm-none-eabi/lib/armv7-m\libg_n.a(lib_a-impure.o)
                              c:/program files (x86)/embitz/1.11/share/em_armgcc/bin/../lib/gcc/arm-none-eabi/5.4.1/../../../../arm-none-eabi/lib/armv7-m\libg_n.a(lib_a-exit.o) (_global_impure_ptr)
c:/program files (x86)/embitz/1.11/share/em_armgcc/bin/../lib/gcc/arm-none-eabi/5.4.1/../../../../arm-none-eabi/lib/armv7-m\libg_n.a(lib_a-init.o)
                              c:/program files (x86)/embitz/1.11/share/em_armgcc/bin/../lib/gcc/arm-none-eabi/5.4.1/../../../../arm-none-eabi/lib/armv7-m/crt0.o (__libc_init_array)
c:/program files (x86)/embitz/1.11/share/em_armgcc/bin/../lib/gcc/arm-none-eabi/5.4.1/../../../../arm-none-eabi/lib/armv7-m\libg_n.a(lib_a-itoa.o)
                              obj\release\~#\~#\library\string\wstring.o (symbol from plugin) (itoa)
c:/program files (x86)/embitz/1.11/share/em_armgcc/bin/../lib/gcc/arm-none-eabi/5.4.1/../../../../arm-none-eabi/lib/armv7-m\libg_n.a(lib_a-ldiv.o)
                              obj\release\~#\~#\library\string\wstring.o (symbol from plugin) (ldiv)
c:/program files (x86)/embitz/1.11/share/em_armgcc/bin/../lib/gcc/arm-none-eabi/5.4.1/../../../../arm-none-eabi/lib/armv7-m\libg_n.a(lib_a-memset.o)
                              c:/program files (x86)/embitz/1.11/share/em_armgcc/bin/../lib/gcc/arm-none-eabi/5.4.1/../../../../arm-none-eabi/lib/armv7-m/crt0.o (memset)
c:/program files (x86)/embitz/1.11/share/em_armgcc/bin/../lib/gcc/arm-none-eabi/5.4.1/../../../../arm-none-eabi/lib/armv7-m\libg_n.a(lib_a-nano-freer.o)
                              c:/program files (x86)/embitz/1.11/share/em_armgcc/bin/../lib/gcc/arm-none-eabi/5.4.1/../../../../arm-none-eabi/lib/armv7-m\libg_n.a(lib_a-fflush.o) (_free_r)
c:/program files (x86)/embitz/1.11/share/em_armgcc/bin/../lib/gcc/arm-none-eabi/5.4.1/../../../../arm-none-eabi/lib/armv7-m\libg_n.a(lib_a-nano-mallocr.o)
                              c:/program files (x86)/embitz/1.11/share/em_armgcc/bin/../lib/gcc/arm-none-eabi/5.4.1/../../../../arm-none-eabi/lib/armv7-m\libg_n.a(lib_a-findfp.o) (_malloc_r)
c:/program files (x86)/embitz/1.11/share/em_armgcc/bin/../lib/gcc/arm-none-eabi/5.4.1/../../../../arm-none-eabi/lib/armv7-m\libg_n.a(lib_a-sbrkr.o)
                              c:/program files (x86)/embitz/1.11/share/em_armgcc/bin/../lib/gcc/arm-none-eabi/5.4.1/../../../../arm-none-eabi/lib/armv7-m\libg_n.a(lib_a-nano-mallocr.o) (_sbrk_r)
c:/program files (x86)/embitz/1.11/share/em_armgcc/bin/../lib/gcc/arm-none-eabi/5.4.1/../../../../arm-none-eabi/lib/armv7-m\libg_n.a(lib_a-stdio.o)
                              c:/program files (x86)/embitz/1.11/share/em_armgcc/bin/../lib/gcc/arm-none-eabi/5.4.1/../../../../arm-none-eabi/lib/armv7-m\libg_n.a(lib_a-findfp.o) (__sread)
c:/program files (x86)/embitz/1.11/share/em_armgcc/bin/../lib/gcc/arm-none-eabi/5.4.1/../../../../arm-none-eabi/lib/armv7-m\libg_n.a(lib_a-strtod.o)
                              c:/program files (x86)/embitz/1.11/share/em_armgcc/bin/../lib/gcc/arm-none-eabi/5.4.1/../../../../arm-none-eabi/lib/armv7-m\libg_n.a(lib_a-atof.o) (strtod)
[...]
Memory Configuration

Name             Origin             Length             Attributes
ROM              0x08000000         0x00020000         xr
RAM              0x20000000         0x00005000         xrw
*default*        0x00000000         0xffffffff

Linker script and memory map

LOAD c:/program files (x86)/embitz/1.11/share/em_armgcc/bin/../lib/gcc/arm-none-eabi/5.4.1/armv7-m/crti.o
LOAD c:/program files (x86)/embitz/1.11/share/em_armgcc/bin/../lib/gcc/arm-none-eabi/5.4.1/armv7-m/crtbegin.o
LOAD c:/program files (x86)/embitz/1.11/share/em_armgcc/bin/../lib/gcc/arm-none-eabi/5.4.1/../../../../arm-none-eabi/lib/armv7-m/crt0.o
                0x00000000                __HEAP_SIZE = 0x0
                0x00000100                __STACK_SIZE = 0x100

.text           0x08000000     0x2678
 *(.isr_vector)
 .isr_vector    0x08000000       0xec obj\release\~#\~#\common\spl_f103\src\startup_stm32f10x_md.o
                0x08000000                __isr_vector
 *(.text*)
 .text          0x080000ec       0x5c c:/program files (x86)/embitz/1.11/share/em_armgcc/bin/../lib/gcc/arm-none-eabi/5.4.1/armv7-m/crtbegin.o
 .text          0x08000148       0x74 c:/program files (x86)/embitz/1.11/share/em_armgcc/bin/../lib/gcc/arm-none-eabi/5.4.1/../../../../arm-none-eabi/lib/armv7-m/crt0.o
                0x08000148                _start
                0x08000148                _mainCRTStartup
 .text._ZN5Print5writeEPKhj
                0x080001bc       0x2c C:\Users\pc\AppData\Local\Temp\ccIovzfj.ltrans0.ltrans.o
                0x080001bc                Print::write(unsigned char const*, unsigned int)
 .text._ZN5Print5flushEv
                0x080001e8        0x4 C:\Users\pc\AppData\Local\Temp\ccIovzfj.ltrans0.ltrans.o
                0x080001e8                Print::flush()
 .text._ZN5Print17availableForWriteEv
                0x080001ec        0x4 C:\Users\pc\AppData\Local\Temp\ccIovzfj.ltrans0.ltrans.o
                0x080001ec                Print::availableForWrite()
 .text.GPIO_Init
                0x080001f0       0xcc C:\Users\pc\AppData\Local\Temp\ccIovzfj.ltrans0.ltrans.o
 .text._ZL26Wire_Init_F103_I2C2_B10B11h.lto_priv.42
                0x080002bc      0x14c C:\Users\pc\AppData\Local\Temp\ccIovzfj.ltrans0.ltrans.o
                0x080002bc                Wire_Init_F103_I2C2_B10B11(unsigned char) [clone .lto_priv.42]
 .text._ZN10GOFi2cOLED5writeEh
                0x08000408      0x1cc C:\Users\pc\AppData\Local\Temp\ccIovzfj.ltrans0.ltrans.o
                0x08000408                GOFi2cOLED::write(unsigned char)
 .text.delay_us.part.0.lto_priv.43
                0x080005d4       0x74 C:\Users\pc\AppData\Local\Temp\ccIovzfj.ltrans0.ltrans.o
                0x080005d4                delay_us.part.0.lto_priv.43
 .text.startup.main
                0x08000648      0x3b4 C:\Users\pc\AppData\Local\Temp\ccIovzfj.ltrans0.ltrans.o
                0x08000648                main
 .text.SystemInit
                0x080009fc      0x104 C:\Users\pc\AppData\Local\Temp\ccIovzfj.ltrans0.ltrans.o
                0x080009fc                SystemInit
 .text._ZN7TwoWire9waitEventEml.constprop.26
                0x08000b00       0xc4 C:\Users\pc\AppData\Local\Temp\ccIovzfj.ltrans1.ltrans.o
 .text._ZN7TwoWire5writeEh.constprop.20
                0x08000bc4       0x38 C:\Users\pc\AppData\Local\Temp\ccIovzfj.ltrans1.ltrans.o
 .text._ZN7TwoWire15endTransmissionEb.constprop.22
                0x08000bfc       0xb8 C:\Users\pc\AppData\Local\Temp\ccIovzfj.ltrans1.ltrans.o
 .text.startup._GLOBAL__I_65535_0_misc.o.7134
                0x08000cb4       0x3c C:\Users\pc\AppData\Local\Temp\ccIovzfj.ltrans1.ltrans.o
 .text._ZN10GOFi2cOLED9drawPixelEhhh.part.1.constprop.30
                0x08000cf0       0x84 C:\Users\pc\AppData\Local\Temp\ccIovzfj.ltrans1.ltrans.o
                0x08000cf0                GOFi2cOLED::drawPixel(unsigned char, unsigned char, unsigned char) [clone .part.1] [clone .constprop.30]
 .text._ZN10GOFi2cOLED11sendCommandEh.constprop.17
                0x08000d74       0x58 C:\Users\pc\AppData\Local\Temp\ccIovzfj.ltrans1.ltrans.o
                0x08000d74                GOFi2cOLED::sendCommand(unsigned char) [clone .constprop.17]
 .text._ZN10GOFi2cOLED7displayEv.constprop.15
                0x08000dcc       0x68 C:\Users\pc\AppData\Local\Temp\ccIovzfj.ltrans1.ltrans.o
                0x08000dcc                GOFi2cOLED::display() [clone .constprop.15]
 .text._ZN10GOFi2cOLED8drawLineEhhhhh.constprop.10
                0x08000e34      0x100 C:\Users\pc\AppData\Local\Temp\ccIovzfj.ltrans1.ltrans.o
                0x08000e34                GOFi2cOLED::drawLine(unsigned char, unsigned char, unsigned char, unsigned char, unsigned char) [clone .constprop.10]
 .text._ZN5Print7printlnEPKc.constprop.6
                0x08000f34       0x2c C:\Users\pc\AppData\Local\Temp\ccIovzfj.ltrans1.ltrans.o
                0x08000f34                Print::println(char const*) [clone .constprop.6]
 .text._ZN5Print11printNumberEmh.constprop.5
                0x08000f60       0x50 C:\Users\pc\AppData\Local\Temp\ccIovzfj.ltrans1.ltrans.o
                0x08000f60                Print::printNumber(unsigned long, unsigned char) [clone .constprop.5]
 .text          0x08000fb0       0xb8 obj\release\~#\~#\common\spl_f103\src\startup_stm32f10x_md.o
                0x08000fb0                Reset_Handler
                0x08000ff6                NMI_Handler
                0x08000ff8                HardFault_Handler
                0x08000ffa                MemManage_Handler
                0x08000ffc                BusFault_Handler
                0x08000ffe                UsageFault_Handler
                0x08001000                SVC_Handler
                0x08001002                DebugMon_Handler
                0x08001004                PendSV_Handler
                0x08001006                SysTick_Handler
                0x08001008                Default_Handler
                0x0800100a                WWDG_IRQHandler
                0x0800100c                PVD_IRQHandler
                0x0800100e                TAMPER_IRQHandler
                0x08001010                RTC_IRQHandler
                0x08001012                FLASH_IRQHandler
                0x08001014                RCC_IRQHandler
                0x08001016                EXTI0_IRQHandler
                0x08001018                EXTI1_IRQHandler
                0x0800101a                EXTI2_IRQHandler
                0x0800101c                EXTI3_IRQHandler
                0x0800101e                EXTI4_IRQHandler
                0x08001020                DMA1_Channel1_IRQHandler
                0x08001022                DMA1_Channel2_IRQHandler
                0x08001024                DMA1_Channel3_IRQHandler
                0x08001026                DMA1_Channel4_IRQHandler
                0x08001028                DMA1_Channel5_IRQHandler
                0x0800102a                DMA1_Channel6_IRQHandler
                0x0800102c                DMA1_Channel7_IRQHandler
                0x0800102e                ADC1_2_IRQHandler
                0x08001030                USB_HP_CAN1_TX_IRQHandler
                0x08001032                USB_LP_CAN1_RX0_IRQHandler
                0x08001034                CAN1_RX1_IRQHandler
                0x08001036                CAN1_SCE_IRQHandler
                0x08001038                EXTI9_5_IRQHandler
                0x0800103a                TIM1_BRK_IRQHandler
                0x0800103c                TIM1_UP_IRQHandler
                0x0800103e                TIM1_TRG_COM_IRQHandler
                0x08001040                TIM1_CC_IRQHandler
                0x08001042                TIM2_IRQHandler
                0x08001044                TIM3_IRQHandler
                0x08001046                TIM4_IRQHandler
                0x08001048                I2C1_EV_IRQHandler
                0x0800104a                I2C1_ER_IRQHandler
                0x0800104c                I2C2_EV_IRQHandler
                0x0800104e                I2C2_ER_IRQHandler
                0x08001050                SPI1_IRQHandler
                0x08001052                SPI2_IRQHandler
                0x08001054                USART1_IRQHandler
                0x08001056                USART2_IRQHandler
                0x08001058                USART3_IRQHandler
                0x0800105a                EXTI15_10_IRQHandler
                0x0800105c                RTCAlarm_IRQHandler
                0x0800105e                USBWakeUp_IRQHandler
 .text.exit     0x08001068       0x28 c:/program files (x86)/embitz/1.11/share/em_armgcc/bin/../lib/gcc/arm-none-eabi/5.4.1/../../../../arm-none-eabi/lib/armv7-m\libg_n.a(lib_a-exit.o)
                0x08001068                exit
 .text.__libc_init_array
                0x08001090       0x4c c:/program files (x86)/embitz/1.11/share/em_armgcc/bin/../lib/gcc/arm-none-eabi/5.4.1/../../../../arm-none-eabi/lib/armv7-m\libg_n.a(lib_a-init.o)
                0x08001090                __libc_init_array
 .text.memset   0x080010dc       0x10 c:/program files (x86)/embitz/1.11/share/em_armgcc/bin/../lib/gcc/arm-none-eabi/5.4.1/../../../../arm-none-eabi/lib/armv7-m\libg_n.a(lib_a-memset.o)
                0x080010dc                memset
 .text.memcpy   0x080010ec       0x16 c:/program files (x86)/embitz/1.11/share/em_armgcc/bin/../lib/gcc/arm-none-eabi/5.4.1/../../../../arm-none-eabi/lib/armv7-m\libg_n.a(lib_a-memcpy-stub.o)
                0x080010ec                memcpy
 .text          0x08001102       0x10 c:/program files (x86)/embitz/1.11/share/em_armgcc/bin/../lib/gcc/arm-none-eabi/5.4.1/../../../../arm-none-eabi/lib/armv7-m\libg_n.a(lib_a-strlen.o)
                0x08001102                strlen
 .text._exit    0x08001112        0x2 c:/program files (x86)/embitz/1.11/share/em_armgcc/bin/../lib/gcc/arm-none-eabi/5.4.1/../../../../arm-none-eabi/lib/armv7-m\libnosys_s.a(_exit.o)
                0x08001112                _exit
 .text          0x08001114      0x9e4 c:/program files (x86)/embitz/1.11/share/em_armgcc/bin/../lib/gcc/arm-none-eabi/5.4.1/armv7-m\libgcc.a(unwind-arm.o)
                0x080013d4                _Unwind_GetCFA
                0x080013d8                __gnu_Unwind_RaiseException
                0x08001438                __gnu_Unwind_ForcedUnwind
                0x0800144c                __gnu_Unwind_Resume
                0x08001490                __gnu_Unwind_Resume_or_Rethrow
                0x080014a4                _Unwind_Complete
                0x080014a8                _Unwind_DeleteException
                0x080014b4                _Unwind_VRS_Get
                0x08001500                _Unwind_VRS_Set
                0x08001550                __gnu_Unwind_Backtrace
                0x0800189c                __aeabi_unwind_cpp_pr0
                0x080018a0                __aeabi_unwind_cpp_pr1
                0x080018a4                __aeabi_unwind_cpp_pr2
                0x080018a8                _Unwind_VRS_Pop
 .text          0x08001af8      0x1ac c:/program files (x86)/embitz/1.11/share/em_armgcc/bin/../lib/gcc/arm-none-eabi/5.4.1/armv7-m\libgcc.a(libunwind.o)
                0x08001af8                __restore_core_regs
                0x08001af8                restore_core_regs
                0x08001b10                __gnu_Unwind_Restore_VFP
                0x08001b18                __gnu_Unwind_Save_VFP
                0x08001b20                __gnu_Unwind_Restore_VFP_D
                0x08001b28                __gnu_Unwind_Save_VFP_D
                0x08001b30                __gnu_Unwind_Restore_VFP_D_16_to_31
                0x08001b38                __gnu_Unwind_Save_VFP_D_16_to_31
                0x08001b40                __gnu_Unwind_Restore_WMMXD
                0x08001b84                __gnu_Unwind_Save_WMMXD
                0x08001bc8                __gnu_Unwind_Restore_WMMXC
                0x08001bdc                __gnu_Unwind_Save_WMMXC
                0x08001bf0                ___Unwind_RaiseException
                0x08001bf0                _Unwind_RaiseException
                0x08001c14                _Unwind_Resume
                0x08001c14                ___Unwind_Resume
                0x08001c38                _Unwind_Resume_or_Rethrow
                0x08001c38                ___Unwind_Resume_or_Rethrow
                0x08001c5c                _Unwind_ForcedUnwind
                0x08001c5c                ___Unwind_ForcedUnwind
                0x08001c80                ___Unwind_Backtrace
                0x08001c80                _Unwind_Backtrace
 .text          0x08001ca4      0x354 c:/program files (x86)/embitz/1.11/share/em_armgcc/bin/../lib/gcc/arm-none-eabi/5.4.1/armv7-m\libgcc.a(pr-support.o)
                0x08001cfc                __gnu_unwind_execute
                0x08001fa0                __gnu_unwind_frame
                0x08001fc8                _Unwind_GetRegionStart
                0x08001fd4                _Unwind_GetLanguageSpecificData
                0x08001fe8                _Unwind_GetTextRelBase
                0x08001ff0                _Unwind_GetDataRelBase
 .text.abort    0x08001ff8        0xe c:/program files (x86)/embitz/1.11/share/em_armgcc/bin/../lib/gcc/arm-none-eabi/5.4.1/../../../../arm-none-eabi/lib/armv7-m\libg_n.a(lib_a-abort.o)
                0x08001ff8                abort
 .text._raise_r
                0x08002006       0x54 c:/program files (x86)/embitz/1.11/share/em_armgcc/bin/../lib/gcc/arm-none-eabi/5.4.1/../../../../arm-none-eabi/lib/armv7-m\libg_n.a(lib_a-signal.o)
                0x08002006                _raise_r
 *fill*         0x0800205a        0x2 
 .text.raise    0x0800205c       0x10 c:/program files (x86)/embitz/1.11/share/em_armgcc/bin/../lib/gcc/arm-none-eabi/5.4.1/../../../../arm-none-eabi/lib/armv7-m\libg_n.a(lib_a-signal.o)
                0x0800205c                raise
 .text._kill_r  0x0800206c       0x24 c:/program files (x86)/embitz/1.11/share/em_armgcc/bin/../lib/gcc/arm-none-eabi/5.4.1/../../../../arm-none-eabi/lib/armv7-m\libg_n.a(lib_a-signalr.o)
                0x0800206c                _kill_r
 .text._getpid_r
                0x08002090        0x4 c:/program files (x86)/embitz/1.11/share/em_armgcc/bin/../lib/gcc/arm-none-eabi/5.4.1/../../../../arm-none-eabi/lib/armv7-m\libg_n.a(lib_a-signalr.o)
                0x08002090                _getpid_r
 .text._getpid  0x08002094       0x10 c:/program files (x86)/embitz/1.11/share/em_armgcc/bin/../lib/gcc/arm-none-eabi/5.4.1/../../../../arm-none-eabi/lib/armv7-m\libnosys_s.a(getpid.o)
                0x08002094                _getpid
 .text._kill    0x080020a4       0x10 c:/program files (x86)/embitz/1.11/share/em_armgcc/bin/../lib/gcc/arm-none-eabi/5.4.1/../../../../arm-none-eabi/lib/armv7-m\libnosys_s.a(kill.o)
                0x080020a4                _kill
 *(.init)
 .init          0x080020b4        0x4 c:/program files (x86)/embitz/1.11/share/em_armgcc/bin/../lib/gcc/arm-none-eabi/5.4.1/armv7-m/crti.o
                0x080020b4                _init
 .init          0x080020b8        0x8 c:/program files (x86)/embitz/1.11/share/em_armgcc/bin/../lib/gcc/arm-none-eabi/5.4.1/armv7-m/crtn.o
 *(.fini)
 .fini          0x080020c0        0x4 c:/program files (x86)/embitz/1.11/share/em_armgcc/bin/../lib/gcc/arm-none-eabi/5.4.1/armv7-m/crti.o
                0x080020c0                _fini
 .fini          0x080020c4        0x8 c:/program files (x86)/embitz/1.11/share/em_armgcc/bin/../lib/gcc/arm-none-eabi/5.4.1/armv7-m/crtn.o
 *crtbegin.o(.ctors)
 *crtbegin?.o(.ctors)
 *(EXCLUDE_FILE(*crtend.o *crtend?.o) .ctors)
 *(SORT(.ctors.*))
 *(.ctors)
 *crtbegin.o(.dtors)
 *crtbegin?.o(.dtors)
 *(EXCLUDE_FILE(*crtend.o *crtend?.o) .dtors)
 *(SORT(.dtors.*))
 *(.dtors)
 *(.rodata*)
 .rodata._ZL9BasicFont
                0x080020cc      0x4fb C:\Users\pc\AppData\Local\Temp\ccIovzfj.ltrans0.ltrans.o
 *fill*         0x080025c7        0x1 
 .rodata.str1.4
                0x080025c8       0x25 C:\Users\pc\AppData\Local\Temp\ccIovzfj.ltrans0.ltrans.o
 *fill*         0x080025ed        0x3 
 .rodata._ZTV10GOFi2cOLED
                0x080025f0       0x18 C:\Users\pc\AppData\Local\Temp\ccIovzfj.ltrans1.ltrans.o
 .rodata.str1.4
                0x08002608        0x4 C:\Users\pc\AppData\Local\Temp\ccIovzfj.ltrans1.ltrans.o
                                  0x2 (size before relaxing)
 .rodata.__sf_fake_stdin
                0x0800260c       0x20 c:/program files (x86)/embitz/1.11/share/em_armgcc/bin/../lib/gcc/arm-none-eabi/5.4.1/../../../../arm-none-eabi/lib/armv7-m\libg_n.a(lib_a-findfp.o)
                0x0800260c                __sf_fake_stdin
 .rodata.__sf_fake_stdout
                0x0800262c       0x20 c:/program files (x86)/embitz/1.11/share/em_armgcc/bin/../lib/gcc/arm-none-eabi/5.4.1/../../../../arm-none-eabi/lib/armv7-m\libg_n.a(lib_a-findfp.o)
                0x0800262c                __sf_fake_stdout
 .rodata.__sf_fake_stderr
                0x0800264c       0x20 c:/program files (x86)/embitz/1.11/share/em_armgcc/bin/../lib/gcc/arm-none-eabi/5.4.1/../../../../arm-none-eabi/lib/armv7-m\libg_n.a(lib_a-findfp.o)
                0x0800264c                __sf_fake_stderr
 .rodata.str1.1
                0x0800266c        0x2 c:/program files (x86)/embitz/1.11/share/em_armgcc/bin/../lib/gcc/arm-none-eabi/5.4.1/../../../../arm-none-eabi/lib/armv7-m\libg_n.a(lib_a-impure.o)
 *fill*         0x0800266e        0x2 
 .rodata._global_impure_ptr
                0x08002670        0x4 c:/program files (x86)/embitz/1.11/share/em_armgcc/bin/../lib/gcc/arm-none-eabi/5.4.1/../../../../arm-none-eabi/lib/armv7-m\libg_n.a(lib_a-impure.o)
                0x08002670                _global_impure_ptr
 *(.eh_frame*)
 .eh_frame      0x08002674        0x0 c:/program files (x86)/embitz/1.11/share/em_armgcc/bin/../lib/gcc/arm-none-eabi/5.4.1/armv7-m/crtbegin.o
 .eh_frame      0x08002674        0x4 c:/program files (x86)/embitz/1.11/share/em_armgcc/bin/../lib/gcc/arm-none-eabi/5.4.1/armv7-m/crtend.o

.glue_7         0x08002678        0x0
 .glue_7        0x08002678        0x0 linker stubs

.glue_7t        0x08002678        0x0
 .glue_7t       0x08002678        0x0 linker stubs

.vfp11_veneer   0x08002678        0x0
 .vfp11_veneer  0x08002678        0x0 linker stubs

.v4_bx          0x08002678        0x0
 .v4_bx         0x08002678        0x0 linker stubs

.iplt           0x08002678        0x0
 .iplt          0x08002678        0x0 c:/program files (x86)/embitz/1.11/share/em_armgcc/bin/../lib/gcc/arm-none-eabi/5.4.1/armv7-m/crtbegin.o

.ARM.extab      0x08002678       0x18
 *(.ARM.extab* .gnu.linkonce.armextab.*)
 .ARM.extab     0x08002678       0x18 c:/program files (x86)/embitz/1.11/share/em_armgcc/bin/../lib/gcc/arm-none-eabi/5.4.1/armv7-m\libgcc.a(pr-support.o)
                0x08002690                __exidx_start = .

.ARM.exidx      0x08002690      0x108
 *(.ARM.exidx* .gnu.linkonce.armexidx.*)
 .ARM.exidx     0x08002690        0x8 c:/program files (x86)/embitz/1.11/share/em_armgcc/bin/../lib/gcc/arm-none-eabi/5.4.1/../../../../arm-none-eabi/lib/armv7-m/crt0.o
 .ARM.exidx.text._ZN5Print5writeEPKhj
                0x08002698        0x8 C:\Users\pc\AppData\Local\Temp\ccIovzfj.ltrans0.ltrans.o
 .ARM.exidx.text._ZN5Print5flushEv
                0x080026a0        0x8 C:\Users\pc\AppData\Local\Temp\ccIovzfj.ltrans0.ltrans.o
 .ARM.exidx.text._ZN5Print17availableForWriteEv
                0x080026a8        0x0 C:\Users\pc\AppData\Local\Temp\ccIovzfj.ltrans0.ltrans.o
                                  0x8 (size before relaxing)
 .ARM.exidx.text._ZL26Wire_Init_F103_I2C2_B10B11h.lto_priv.42
                0x080026a8        0x0 C:\Users\pc\AppData\Local\Temp\ccIovzfj.ltrans0.ltrans.o
                                  0x8 (size before relaxing)
 .ARM.exidx.text._ZN10GOFi2cOLED5writeEh
                0x080026a8        0x0 C:\Users\pc\AppData\Local\Temp\ccIovzfj.ltrans0.ltrans.o
                                  0x8 (size before relaxing)
 .ARM.exidx.text.startup.main
                0x080026a8       0x10 C:\Users\pc\AppData\Local\Temp\ccIovzfj.ltrans0.ltrans.o
                                  0x8 (size before relaxing)
 .ARM.exidx.text._ZN7TwoWire9waitEventEml.constprop.26
                0x080026b8        0x0 C:\Users\pc\AppData\Local\Temp\ccIovzfj.ltrans1.ltrans.o
                                  0x8 (size before relaxing)
 .ARM.exidx.text._ZN7TwoWire5writeEh.constprop.20
                0x080026b8        0x0 C:\Users\pc\AppData\Local\Temp\ccIovzfj.ltrans1.ltrans.o
                                  0x8 (size before relaxing)
 .ARM.exidx.text._ZN7TwoWire15endTransmissionEb.constprop.22
                0x080026b8        0x0 C:\Users\pc\AppData\Local\Temp\ccIovzfj.ltrans1.ltrans.o
                                  0x8 (size before relaxing)
 .ARM.exidx.text.startup._GLOBAL__I_65535_0_misc.o.7134
                0x080026b8        0x0 C:\Users\pc\AppData\Local\Temp\ccIovzfj.ltrans1.ltrans.o
                                  0x8 (size before relaxing)
 .ARM.exidx.text._ZN10GOFi2cOLED9drawPixelEhhh.part.1.constprop.30
                0x080026b8        0x0 C:\Users\pc\AppData\Local\Temp\ccIovzfj.ltrans1.ltrans.o
                                  0x8 (size before relaxing)
 .ARM.exidx.text._ZN10GOFi2cOLED11sendCommandEh.constprop.17
                0x080026b8        0x8 C:\Users\pc\AppData\Local\Temp\ccIovzfj.ltrans1.ltrans.o
 .ARM.exidx.text._ZN10GOFi2cOLED7displayEv.constprop.15
                0x080026c0        0x8 C:\Users\pc\AppData\Local\Temp\ccIovzfj.ltrans1.ltrans.o
 .ARM.exidx.text._ZN10GOFi2cOLED8drawLineEhhhhh.constprop.10
                0x080026c8        0x8 C:\Users\pc\AppData\Local\Temp\ccIovzfj.ltrans1.ltrans.o
 .ARM.exidx.text._ZN5Print7printlnEPKc.constprop.6
                0x080026d0        0x8 C:\Users\pc\AppData\Local\Temp\ccIovzfj.ltrans1.ltrans.o
 .ARM.exidx.text._ZN5Print11printNumberEmh.constprop.5
                0x080026d8       0x10 C:\Users\pc\AppData\Local\Temp\ccIovzfj.ltrans1.ltrans.o
                                  0x8 (size before relaxing)
 .ARM.exidx     0x080026e8       0x78 c:/program files (x86)/embitz/1.11/share/em_armgcc/bin/../lib/gcc/arm-none-eabi/5.4.1/armv7-m\libgcc.a(unwind-arm.o)
                                 0xd8 (size before relaxing)
 .ARM.exidx     0x08002760       0x38 c:/program files (x86)/embitz/1.11/share/em_armgcc/bin/../lib/gcc/arm-none-eabi/5.4.1/armv7-m\libgcc.a(pr-support.o)
                                 0x48 (size before relaxing)
                0x08002798                __exidx_end = .
                0x08002798                __etext = .

.rel.dyn        0x08002798        0x0
 .rel.iplt      0x08002798        0x0 c:/program files (x86)/embitz/1.11/share/em_armgcc/bin/../lib/gcc/arm-none-eabi/5.4.1/armv7-m/crtbegin.o

.data           0x20000000      0x484 load address 0x08002798
                0x20000000                __data_start__ = .
 *(vtable)
 *(.data*)
 .data.ADCPrescTable
                0x20000000        0x4 C:\Users\pc\AppData\Local\Temp\ccIovzfj.ltrans0.ltrans.o
 .data.APBAHBPrescTable
                0x20000004       0x10 C:\Users\pc\AppData\Local\Temp\ccIovzfj.ltrans0.ltrans.o
 .data._ZL6buffer.lto_priv.44
                0x20000014      0x400 C:\Users\pc\AppData\Local\Temp\ccIovzfj.ltrans1.ltrans.o
                0x20000014                _ZL6buffer.lto_priv.44
 .data.impure_data
                0x20000414       0x60 c:/program files (x86)/embitz/1.11/share/em_armgcc/bin/../lib/gcc/arm-none-eabi/5.4.1/../../../../arm-none-eabi/lib/armv7-m\libg_n.a(lib_a-impure.o)
 .data._impure_ptr
                0x20000474        0x4 c:/program files (x86)/embitz/1.11/share/em_armgcc/bin/../lib/gcc/arm-none-eabi/5.4.1/../../../../arm-none-eabi/lib/armv7-m\libg_n.a(lib_a-impure.o)
                0x20000474                _impure_ptr
                0x20000478                . = ALIGN (0x4)
                0x20000478                PROVIDE (__preinit_array_start, .)
 *(.preinit_array)
                0x20000478                PROVIDE (__preinit_array_end, .)
                0x20000478                . = ALIGN (0x4)
                0x20000478                PROVIDE (__init_array_start, .)
 *(SORT(.init_array.*))
 *(.init_array)
 .init_array    0x20000478        0x4 c:/program files (x86)/embitz/1.11/share/em_armgcc/bin/../lib/gcc/arm-none-eabi/5.4.1/armv7-m/crtbegin.o
 .init_array    0x2000047c        0x4 C:\Users\pc\AppData\Local\Temp\ccIovzfj.ltrans1.ltrans.o
                0x20000480                PROVIDE (__init_array_end, .)
                0x20000480                . = ALIGN (0x4)
                [!provide]                PROVIDE (__fini_array_start, .)
 *(SORT(.fini_array.*))
 *(.fini_array)
 .fini_array    0x20000480        0x4 c:/program files (x86)/embitz/1.11/share/em_armgcc/bin/../lib/gcc/arm-none-eabi/5.4.1/armv7-m/crtbegin.o
                [!provide]                PROVIDE (__fini_array_end, .)
                0x20000484                . = ALIGN (0x4)
                0x20000484                __data_end__ = .

.jcr            0x20000484        0x0 load address 0x08002c1c
 .jcr           0x20000484        0x0 c:/program files (x86)/embitz/1.11/share/em_armgcc/bin/../lib/gcc/arm-none-eabi/5.4.1/armv7-m/crtbegin.o

.igot.plt       0x20000484        0x0 load address 0x08002c1c
 .igot.plt      0x20000484        0x0 c:/program files (x86)/embitz/1.11/share/em_armgcc/bin/../lib/gcc/arm-none-eabi/5.4.1/armv7-m/crtbegin.o

.bss            0x20000488       0xd0 load address 0x08002c20
                0x20000488                __bss_start__ = .
 *(.bss*)
 .bss           0x20000488       0x1c c:/program files (x86)/embitz/1.11/share/em_armgcc/bin/../lib/gcc/arm-none-eabi/5.4.1/armv7-m/crtbegin.o
 .bss.GOFoled   0x200004a4       0x14 C:\Users\pc\AppData\Local\Temp\ccIovzfj.ltrans1.ltrans.o
                0x200004a4                GOFoled
 .bss.Wire      0x200004b8       0x90 C:\Users\pc\AppData\Local\Temp\ccIovzfj.ltrans1.ltrans.o
 .bss.last_cycle_count_64
                0x20000548        0x8 C:\Users\pc\AppData\Local\Temp\ccIovzfj.ltrans1.ltrans.o
                0x20000548                last_cycle_count_64
 .bss.timeout_loop
                0x20000550        0x4 C:\Users\pc\AppData\Local\Temp\ccIovzfj.ltrans1.ltrans.o
 *(COMMON)
 COMMON         0x20000554        0x4 c:/program files (x86)/embitz/1.11/share/em_armgcc/bin/../lib/gcc/arm-none-eabi/5.4.1/../../../../arm-none-eabi/lib/armv7-m\libg_n.a(lib_a-reent.o)
                0x20000554                errno
                0x20000558                __bss_end__ = .

.heap           0x20000558        0x0
                0x20000558                __end__ = .
                0x20000558                end = __end__
 *(.heap*)
 .heap          0x20000558        0x0 obj\release\~#\~#\common\spl_f103\src\startup_stm32f10x_md.o
                0x20000558                __HeapLimit = .

.stack_dummy    0x20000558      0x100
 *(.stack)
 .stack         0x20000558      0x100 obj\release\~#\~#\common\spl_f103\src\startup_stm32f10x_md.o
                0x20005000                __StackTop = (ORIGIN (RAM) + LENGTH (RAM))
                0x20004f00                __StackLimit = (__StackTop - SIZEOF (.stack_dummy))
                0x20005000                PROVIDE (__stack, __StackTop)
                0x00000001                ASSERT ((__StackLimit >= __HeapLimit), region RAM overflowed with stack)
LOAD obj\release\~#\~#\common\spl_f103\spl\src\misc.o
LOAD C:\Users\pc\AppData\Local\Temp\ccIovzfj.ltrans0.ltrans.o
LOAD C:\Users\pc\AppData\Local\Temp\ccIovzfj.ltrans1.ltrans.o
LOAD obj\release\~#\~#\common\spl_f103\spl\src\stm32f10x_adc.o
LOAD obj\release\~#\~#\common\spl_f103\spl\src\stm32f10x_bkp.o
LOAD obj\release\~#\~#\common\spl_f103\spl\src\stm32f10x_can.o
LOAD obj\release\~#\~#\common\spl_f103\spl\src\stm32f10x_cec.o
LOAD obj\release\~#\~#\common\spl_f103\spl\src\stm32f10x_crc.o
LOAD obj\release\~#\~#\common\spl_f103\spl\src\stm32f10x_dac.o
LOAD obj\release\~#\~#\common\spl_f103\spl\src\stm32f10x_dbgmcu.o
LOAD obj\release\~#\~#\common\spl_f103\spl\src\stm32f10x_dma.o
LOAD obj\release\~#\~#\common\spl_f103\spl\src\stm32f10x_exti.o
LOAD obj\release\~#\~#\common\spl_f103\spl\src\stm32f10x_flash.o
LOAD obj\release\~#\~#\common\spl_f103\spl\src\stm32f10x_fsmc.o
LOAD obj\release\~#\~#\common\spl_f103\spl\src\stm32f10x_gpio.o
LOAD obj\release\~#\~#\common\spl_f103\spl\src\stm32f10x_i2c.o
LOAD obj\release\~#\~#\common\spl_f103\spl\src\stm32f10x_iwdg.o
LOAD obj\release\~#\~#\common\spl_f103\spl\src\stm32f10x_pwr.o
LOAD obj\release\~#\~#\common\spl_f103\spl\src\stm32f10x_rcc.o
LOAD obj\release\~#\~#\common\spl_f103\spl\src\stm32f10x_rtc.o
LOAD obj\release\~#\~#\common\spl_f103\spl\src\stm32f10x_sdio.o
LOAD obj\release\~#\~#\common\spl_f103\spl\src\stm32f10x_spi.o
LOAD obj\release\~#\~#\common\spl_f103\spl\src\stm32f10x_tim.o
LOAD obj\release\~#\~#\common\spl_f103\spl\src\stm32f10x_usart.o
LOAD obj\release\~#\~#\common\spl_f103\spl\src\stm32f10x_wwdg.o
LOAD obj\release\~#\~#\common\spl_f103\src\startup_stm32f10x_md.o
LOAD obj\release\~#\~#\common\spl_f103\src\system_stm32f10x.o
LOAD obj\release\~#\~#\library\gofi2coled\gofi2coled.o
LOAD obj\release\~#\~#\library\print\print.o
LOAD obj\release\~#\~#\library\serial\hardwareserial.o
LOAD obj\release\~#\~#\library\string\wstring.o
LOAD obj\release\~#\~#\library\wire\wire.o
LOAD obj\release\src\corecfg.o
LOAD obj\release\src\main.o
START GROUP
LOAD c:/program files (x86)/embitz/1.11/share/em_armgcc/bin/../lib/gcc/arm-none-eabi/5.4.1/armv7-m\libgcc.a
LOAD c:/program files (x86)/embitz/1.11/share/em_armgcc/bin/../lib/gcc/arm-none-eabi/5.4.1/../../../../arm-none-eabi/lib/armv7-m\libg_n.a
LOAD c:/program files (x86)/embitz/1.11/share/em_armgcc/bin/../lib/gcc/arm-none-eabi/5.4.1/../../../../arm-none-eabi/lib/armv7-m\libc_n.a
END GROUP
START GROUP
LOAD c:/program files (x86)/embitz/1.11/share/em_armgcc/bin/../lib/gcc/arm-none-eabi/5.4.1/armv7-m\libgcc.a
LOAD c:/program files (x86)/embitz/1.11/share/em_armgcc/bin/../lib/gcc/arm-none-eabi/5.4.1/../../../../arm-none-eabi/lib/armv7-m\libc_n.a
LOAD c:/program files (x86)/embitz/1.11/share/em_armgcc/bin/../lib/gcc/arm-none-eabi/5.4.1/../../../../arm-none-eabi/lib/armv7-m\libnosys_s.a
END GROUP
LOAD c:/program files (x86)/embitz/1.11/share/em_armgcc/bin/../lib/gcc/arm-none-eabi/5.4.1/armv7-m/crtend.o
LOAD c:/program files (x86)/embitz/1.11/share/em_armgcc/bin/../lib/gcc/arm-none-eabi/5.4.1/armv7-m/crtn.o
OUTPUT(bin\Release\OLEDDemo_F103_SPL.elf elf32-littlearm)

.ARM.attributes
                0x00000000       0x29
 .ARM.attributes
                0x00000000       0x1d c:/program files (x86)/embitz/1.11/share/em_armgcc/bin/../lib/gcc/arm-none-eabi/5.4.1/armv7-m/crti.o
 .ARM.attributes
                0x0000001d       0x2d c:/program files (x86)/embitz/1.11/share/em_armgcc/bin/../lib/gcc/arm-none-eabi/5.4.1/armv7-m/crtbegin.o
 .ARM.attributes
                0x0000004a       0x1b c:/program files (x86)/embitz/1.11/share/em_armgcc/bin/../lib/gcc/arm-none-eabi/5.4.1/../../../../arm-none-eabi/lib/armv7-m/crt0.o
 .ARM.attributes
                0x00000065       0x31 C:\Users\pc\AppData\Local\Temp\ccIovzfj.ltrans0.ltrans.o
 .ARM.attributes
                0x00000096       0x31 C:\Users\pc\AppData\Local\Temp\ccIovzfj.ltrans1.ltrans.o
 .ARM.attributes
                0x000000c7       0x1b obj\release\~#\~#\common\spl_f103\src\startup_stm32f10x_md.o
 .ARM.attributes
                0x000000e2       0x2d c:/program files (x86)/embitz/1.11/share/em_armgcc/bin/../lib/gcc/arm-none-eabi/5.4.1/../../../../arm-none-eabi/lib/armv7-m\libg_n.a(lib_a-exit.o)
 .ARM.attributes
                0x0000010f       0x2d c:/program files (x86)/embitz/1.11/share/em_armgcc/bin/../lib/gcc/arm-none-eabi/5.4.1/../../../../arm-none-eabi/lib/armv7-m\libg_n.a(lib_a-findfp.o)
 .ARM.attributes
                0x0000013c       0x2d c:/program files (x86)/embitz/1.11/share/em_armgcc/bin/../lib/gcc/arm-none-eabi/5.4.1/../../../../arm-none-eabi/lib/armv7-m\libg_n.a(lib_a-impure.o)
 .ARM.attributes
                0x00000169       0x2d c:/program files (x86)/embitz/1.11/share/em_armgcc/bin/../lib/gcc/arm-none-eabi/5.4.1/../../../../arm-none-eabi/lib/armv7-m\libg_n.a(lib_a-init.o)
 .ARM.attributes
                0x00000196       0x2d c:/program files (x86)/embitz/1.11/share/em_armgcc/bin/../lib/gcc/arm-none-eabi/5.4.1/../../../../arm-none-eabi/lib/armv7-m\libg_n.a(lib_a-memset.o)
 .ARM.attributes
                0x000001c3       0x17 c:/program files (x86)/embitz/1.11/share/em_armgcc/bin/../lib/gcc/arm-none-eabi/5.4.1/../../../../arm-none-eabi/lib/armv7-m\libg_n.a(lib_a-strlen.o)
 .ARM.attributes
                0x000001da       0x2d c:/program files (x86)/embitz/1.11/share/em_armgcc/bin/../lib/gcc/arm-none-eabi/5.4.1/../../../../arm-none-eabi/lib/armv7-m\libnosys_s.a(_exit.o)
 .ARM.attributes
                0x00000207       0x2d c:/program files (x86)/embitz/1.11/share/em_armgcc/bin/../lib/gcc/arm-none-eabi/5.4.1/armv7-m/crtend.o
 .ARM.attributes
                0x00000234       0x1d c:/program files (x86)/embitz/1.11/share/em_armgcc/bin/../lib/gcc/arm-none-eabi/5.4.1/armv7-m/crtn.o

.comment        0x00000000       0x6e
 .comment       0x00000000       0x6e C:\Users\pc\AppData\Local\Temp\ccIovzfj.ltrans0.ltrans.o
                                 0x6f (size before relaxing)
 .comment       0x0000006e       0x6f C:\Users\pc\AppData\Local\Temp\ccIovzfj.ltrans1.ltrans.o

.debug_info     0x00000000     0x3b76
 .debug_info    0x00000000     0x26b1 C:\Users\pc\AppData\Local\Temp\ccIovzfj.ltrans0.ltrans.o
 .debug_info    0x000026b1     0x1427 C:\Users\pc\AppData\Local\Temp\ccIovzfj.ltrans1.ltrans.o
 .debug_info    0x00003ad8       0x9e obj\release\~#\~#\common\spl_f103\src\startup_stm32f10x_md.o

.debug_abbrev   0x00000000      0xc1c
 .debug_abbrev  0x00000000      0x66c C:\Users\pc\AppData\Local\Temp\ccIovzfj.ltrans0.ltrans.o
 .debug_abbrev  0x0000066c      0x59c C:\Users\pc\AppData\Local\Temp\ccIovzfj.ltrans1.ltrans.o
 .debug_abbrev  0x00000c08       0x14 obj\release\~#\~#\common\spl_f103\src\startup_stm32f10x_md.o

.debug_loc      0x00000000      0x36e
 .debug_loc     0x00000000      0x36e C:\Users\pc\AppData\Local\Temp\ccIovzfj.ltrans0.ltrans.o

.debug_aranges  0x00000000      0x128
 .debug_aranges
                0x00000000       0x98 C:\Users\pc\AppData\Local\Temp\ccIovzfj.ltrans0.ltrans.o
 .debug_aranges
                0x00000098       0x70 C:\Users\pc\AppData\Local\Temp\ccIovzfj.ltrans1.ltrans.o
 .debug_aranges
                0x00000108       0x20 obj\release\~#\~#\common\spl_f103\src\startup_stm32f10x_md.o

.debug_ranges   0x00000000      0xad8
 .debug_ranges  0x00000000      0x7f0 C:\Users\pc\AppData\Local\Temp\ccIovzfj.ltrans0.ltrans.o
 .debug_ranges  0x000007f0      0x2e8 C:\Users\pc\AppData\Local\Temp\ccIovzfj.ltrans1.ltrans.o

.debug_line     0x00000000     0x118d
 .debug_line    0x00000000      0xaf3 C:\Users\pc\AppData\Local\Temp\ccIovzfj.ltrans0.ltrans.o
 .debug_line    0x00000af3      0x5dc C:\Users\pc\AppData\Local\Temp\ccIovzfj.ltrans1.ltrans.o
 .debug_line    0x000010cf       0xbe obj\release\~#\~#\common\spl_f103\src\startup_stm32f10x_md.o

.debug_str      0x00000000     0x1527
 .debug_str     0x00000000     0x1034 C:\Users\pc\AppData\Local\Temp\ccIovzfj.ltrans0.ltrans.o
                               0x110c (size before relaxing)
 .debug_str     0x00001034      0x4f3 C:\Users\pc\AppData\Local\Temp\ccIovzfj.ltrans1.ltrans.o
                                0xbf6 (size before relaxing)

.debug_frame    0x00000000      0x508
 .debug_frame   0x00000000      0x1e4 C:\Users\pc\AppData\Local\Temp\ccIovzfj.ltrans0.ltrans.o
 .debug_frame   0x000001e4      0x174 C:\Users\pc\AppData\Local\Temp\ccIovzfj.ltrans1.ltrans.o
 .debug_frame   0x00000358       0x28 c:/program files (x86)/embitz/1.11/share/em_armgcc/bin/../lib/gcc/arm-none-eabi/5.4.1/../../../../arm-none-eabi/lib/armv7-m\libg_n.a(lib_a-exit.o)
 .debug_frame   0x00000380      0x11c c:/program files (x86)/embitz/1.11/share/em_armgcc/bin/../lib/gcc/arm-none-eabi/5.4.1/../../../../arm-none-eabi/lib/armv7-m\libg_n.a(lib_a-findfp.o)
 .debug_frame   0x0000049c       0x2c c:/program files (x86)/embitz/1.11/share/em_armgcc/bin/../lib/gcc/arm-none-eabi/5.4.1/../../../../arm-none-eabi/lib/armv7-m\libg_n.a(lib_a-init.o)
 .debug_frame   0x000004c8       0x20 c:/program files (x86)/embitz/1.11/share/em_armgcc/bin/../lib/gcc/arm-none-eabi/5.4.1/../../../../arm-none-eabi/lib/armv7-m\libg_n.a(lib_a-memset.o)
 .debug_frame   0x000004e8       0x20 c:/program files (x86)/embitz/1.11/share/em_armgcc/bin/../lib/gcc/arm-none-eabi/5.4.1/../../../../arm-none-eabi/lib/armv7-m\libnosys_s.a(_exit.o)

.stabstr        0x00000000      0x183
 .stabstr       0x00000000      0x183 c:/program files (x86)/embitz/1.11/share/em_armgcc/bin/../lib/gcc/arm-none-eabi/5.4.1/../../../../arm-none-eabi/lib/armv7-m\libnosys_s.a(close.o)
